// Jest Snapshot v1, https://goo.gl/fbAQLP

exports[`<List /> should renders correctly 1`] = `ShallowWrapper {}`;
